---
source: crates/tdsl-render/src/lib.rs
assertion_line: 752
expression: svg
---
<svg xmlns="http://www.w3.org/2000/svg" viewBox="0 0 5140 240" width="5140" height="240" role="img" aria-label="timeline" class="tdsl-root">
  <style>.tdsl-root text { font-family: "Noto Sans JP", "Noto Sans CJK JP", "Hiragino Sans", "Yu Gothic UI", "Yu Gothic", "Meiryo", sans-serif; } .tdsl-axis-text { font-size: 11px; } .tdsl-axis-month-tick { stroke: #ccc; stroke-width: 1; } .tdsl-axis-day-tick { stroke: #ddd; stroke-width: 1; } .tdsl-axis-day-text { font-size: 9px; fill: #888; }</style>
  <rect class="tdsl-lane-band-even" x="120" y="40" width="5000" height="60"/>
  <rect class="tdsl-lane-band-odd" x="120" y="100" width="5000" height="60"/>
  <rect class="tdsl-lane-band-even" x="120" y="160" width="5000" height="60"/>
  <line class="tdsl-axis-baseline" x1="120" y1="36" x2="5120" y2="36"/>
  <line class="tdsl-axis-tick" x1="120" y1="40" x2="120" y2="220"/>
  <text class="tdsl-axis-text" x="120" y="32" text-anchor="middle">BC500</text>
  <line class="tdsl-axis-tick" x1="170" y1="40" x2="170" y2="220"/>
  <text class="tdsl-axis-text" x="170" y="32" text-anchor="middle">BC475</text>
  <line class="tdsl-axis-tick" x1="220" y1="40" x2="220" y2="220"/>
  <text class="tdsl-axis-text" x="220" y="32" text-anchor="middle">BC450</text>
  <line class="tdsl-axis-tick" x1="270" y1="40" x2="270" y2="220"/>
  <text class="tdsl-axis-text" x="270" y="32" text-anchor="middle">BC425</text>
  <line class="tdsl-axis-tick" x1="320" y1="40" x2="320" y2="220"/>
  <text class="tdsl-axis-text" x="320" y="32" text-anchor="middle">BC400</text>
  <line class="tdsl-axis-tick" x1="370" y1="40" x2="370" y2="220"/>
  <text class="tdsl-axis-text" x="370" y="32" text-anchor="middle">BC375</text>
  <line class="tdsl-axis-tick" x1="420" y1="40" x2="420" y2="220"/>
  <text class="tdsl-axis-text" x="420" y="32" text-anchor="middle">BC350</text>
  <line class="tdsl-axis-tick" x1="470" y1="40" x2="470" y2="220"/>
  <text class="tdsl-axis-text" x="470" y="32" text-anchor="middle">BC325</text>
  <line class="tdsl-axis-tick" x1="520" y1="40" x2="520" y2="220"/>
  <text class="tdsl-axis-text" x="520" y="32" text-anchor="middle">BC300</text>
  <line class="tdsl-axis-tick" x1="570" y1="40" x2="570" y2="220"/>
  <text class="tdsl-axis-text" x="570" y="32" text-anchor="middle">BC275</text>
  <line class="tdsl-axis-tick" x1="620" y1="40" x2="620" y2="220"/>
  <text class="tdsl-axis-text" x="620" y="32" text-anchor="middle">BC250</text>
  <line class="tdsl-axis-tick" x1="670" y1="40" x2="670" y2="220"/>
  <text class="tdsl-axis-text" x="670" y="32" text-anchor="middle">BC225</text>
  <line class="tdsl-axis-tick" x1="720" y1="40" x2="720" y2="220"/>
  <text class="tdsl-axis-text" x="720" y="32" text-anchor="middle">BC200</text>
  <line class="tdsl-axis-tick" x1="770" y1="40" x2="770" y2="220"/>
  <text class="tdsl-axis-text" x="770" y="32" text-anchor="middle">BC175</text>
  <line class="tdsl-axis-tick" x1="820" y1="40" x2="820" y2="220"/>
  <text class="tdsl-axis-text" x="820" y="32" text-anchor="middle">BC150</text>
  <line class="tdsl-axis-tick" x1="870" y1="40" x2="870" y2="220"/>
  <text class="tdsl-axis-text" x="870" y="32" text-anchor="middle">BC125</text>
  <line class="tdsl-axis-tick" x1="920" y1="40" x2="920" y2="220"/>
  <text class="tdsl-axis-text" x="920" y="32" text-anchor="middle">BC100</text>
  <line class="tdsl-axis-tick" x1="970" y1="40" x2="970" y2="220"/>
  <text class="tdsl-axis-text" x="970" y="32" text-anchor="middle">BC75</text>
  <line class="tdsl-axis-tick" x1="1020" y1="40" x2="1020" y2="220"/>
  <text class="tdsl-axis-text" x="1020" y="32" text-anchor="middle">BC50</text>
  <line class="tdsl-axis-tick" x1="1070" y1="40" x2="1070" y2="220"/>
  <text class="tdsl-axis-text" x="1070" y="32" text-anchor="middle">BC25</text>
  <line class="tdsl-axis-tick" x1="1120" y1="40" x2="1120" y2="220"/>
  <text class="tdsl-axis-text" x="1120" y="32" text-anchor="middle">0</text>
  <line class="tdsl-axis-tick" x1="1170" y1="40" x2="1170" y2="220"/>
  <text class="tdsl-axis-text" x="1170" y="32" text-anchor="middle">25</text>
  <line class="tdsl-axis-tick" x1="1220" y1="40" x2="1220" y2="220"/>
  <text class="tdsl-axis-text" x="1220" y="32" text-anchor="middle">50</text>
  <line class="tdsl-axis-tick" x1="1270" y1="40" x2="1270" y2="220"/>
  <text class="tdsl-axis-text" x="1270" y="32" text-anchor="middle">75</text>
  <line class="tdsl-axis-tick" x1="1320" y1="40" x2="1320" y2="220"/>
  <text class="tdsl-axis-text" x="1320" y="32" text-anchor="middle">100</text>
  <line class="tdsl-axis-tick" x1="1370" y1="40" x2="1370" y2="220"/>
  <text class="tdsl-axis-text" x="1370" y="32" text-anchor="middle">125</text>
  <line class="tdsl-axis-tick" x1="1420" y1="40" x2="1420" y2="220"/>
  <text class="tdsl-axis-text" x="1420" y="32" text-anchor="middle">150</text>
  <line class="tdsl-axis-tick" x1="1470" y1="40" x2="1470" y2="220"/>
  <text class="tdsl-axis-text" x="1470" y="32" text-anchor="middle">175</text>
  <line class="tdsl-axis-tick" x1="1520" y1="40" x2="1520" y2="220"/>
  <text class="tdsl-axis-text" x="1520" y="32" text-anchor="middle">200</text>
  <line class="tdsl-axis-tick" x1="1570" y1="40" x2="1570" y2="220"/>
  <text class="tdsl-axis-text" x="1570" y="32" text-anchor="middle">225</text>
  <line class="tdsl-axis-tick" x1="1620" y1="40" x2="1620" y2="220"/>
  <text class="tdsl-axis-text" x="1620" y="32" text-anchor="middle">250</text>
  <line class="tdsl-axis-tick" x1="1670" y1="40" x2="1670" y2="220"/>
  <text class="tdsl-axis-text" x="1670" y="32" text-anchor="middle">275</text>
  <line class="tdsl-axis-tick" x1="1720" y1="40" x2="1720" y2="220"/>
  <text class="tdsl-axis-text" x="1720" y="32" text-anchor="middle">300</text>
  <line class="tdsl-axis-tick" x1="1770" y1="40" x2="1770" y2="220"/>
  <text class="tdsl-axis-text" x="1770" y="32" text-anchor="middle">325</text>
  <line class="tdsl-axis-tick" x1="1820" y1="40" x2="1820" y2="220"/>
  <text class="tdsl-axis-text" x="1820" y="32" text-anchor="middle">350</text>
  <line class="tdsl-axis-tick" x1="1870" y1="40" x2="1870" y2="220"/>
  <text class="tdsl-axis-text" x="1870" y="32" text-anchor="middle">375</text>
  <line class="tdsl-axis-tick" x1="1920" y1="40" x2="1920" y2="220"/>
  <text class="tdsl-axis-text" x="1920" y="32" text-anchor="middle">400</text>
  <line class="tdsl-axis-tick" x1="1970" y1="40" x2="1970" y2="220"/>
  <text class="tdsl-axis-text" x="1970" y="32" text-anchor="middle">425</text>
  <line class="tdsl-axis-tick" x1="2020" y1="40" x2="2020" y2="220"/>
  <text class="tdsl-axis-text" x="2020" y="32" text-anchor="middle">450</text>
  <line class="tdsl-axis-tick" x1="2070" y1="40" x2="2070" y2="220"/>
  <text class="tdsl-axis-text" x="2070" y="32" text-anchor="middle">475</text>
  <line class="tdsl-axis-tick" x1="2120" y1="40" x2="2120" y2="220"/>
  <text class="tdsl-axis-text" x="2120" y="32" text-anchor="middle">500</text>
  <line class="tdsl-axis-tick" x1="2170" y1="40" x2="2170" y2="220"/>
  <text class="tdsl-axis-text" x="2170" y="32" text-anchor="middle">525</text>
  <line class="tdsl-axis-tick" x1="2220" y1="40" x2="2220" y2="220"/>
  <text class="tdsl-axis-text" x="2220" y="32" text-anchor="middle">550</text>
  <line class="tdsl-axis-tick" x1="2270" y1="40" x2="2270" y2="220"/>
  <text class="tdsl-axis-text" x="2270" y="32" text-anchor="middle">575</text>
  <line class="tdsl-axis-tick" x1="2320" y1="40" x2="2320" y2="220"/>
  <text class="tdsl-axis-text" x="2320" y="32" text-anchor="middle">600</text>
  <line class="tdsl-axis-tick" x1="2370" y1="40" x2="2370" y2="220"/>
  <text class="tdsl-axis-text" x="2370" y="32" text-anchor="middle">625</text>
  <line class="tdsl-axis-tick" x1="2420" y1="40" x2="2420" y2="220"/>
  <text class="tdsl-axis-text" x="2420" y="32" text-anchor="middle">650</text>
  <line class="tdsl-axis-tick" x1="2470" y1="40" x2="2470" y2="220"/>
  <text class="tdsl-axis-text" x="2470" y="32" text-anchor="middle">675</text>
  <line class="tdsl-axis-tick" x1="2520" y1="40" x2="2520" y2="220"/>
  <text class="tdsl-axis-text" x="2520" y="32" text-anchor="middle">700</text>
  <line class="tdsl-axis-tick" x1="2570" y1="40" x2="2570" y2="220"/>
  <text class="tdsl-axis-text" x="2570" y="32" text-anchor="middle">725</text>
  <line class="tdsl-axis-tick" x1="2620" y1="40" x2="2620" y2="220"/>
  <text class="tdsl-axis-text" x="2620" y="32" text-anchor="middle">750</text>
  <line class="tdsl-axis-tick" x1="2670" y1="40" x2="2670" y2="220"/>
  <text class="tdsl-axis-text" x="2670" y="32" text-anchor="middle">775</text>
  <line class="tdsl-axis-tick" x1="2720" y1="40" x2="2720" y2="220"/>
  <text class="tdsl-axis-text" x="2720" y="32" text-anchor="middle">800</text>
  <line class="tdsl-axis-tick" x1="2770" y1="40" x2="2770" y2="220"/>
  <text class="tdsl-axis-text" x="2770" y="32" text-anchor="middle">825</text>
  <line class="tdsl-axis-tick" x1="2820" y1="40" x2="2820" y2="220"/>
  <text class="tdsl-axis-text" x="2820" y="32" text-anchor="middle">850</text>
  <line class="tdsl-axis-tick" x1="2870" y1="40" x2="2870" y2="220"/>
  <text class="tdsl-axis-text" x="2870" y="32" text-anchor="middle">875</text>
  <line class="tdsl-axis-tick" x1="2920" y1="40" x2="2920" y2="220"/>
  <text class="tdsl-axis-text" x="2920" y="32" text-anchor="middle">900</text>
  <line class="tdsl-axis-tick" x1="2970" y1="40" x2="2970" y2="220"/>
  <text class="tdsl-axis-text" x="2970" y="32" text-anchor="middle">925</text>
  <line class="tdsl-axis-tick" x1="3020" y1="40" x2="3020" y2="220"/>
  <text class="tdsl-axis-text" x="3020" y="32" text-anchor="middle">950</text>
  <line class="tdsl-axis-tick" x1="3070" y1="40" x2="3070" y2="220"/>
  <text class="tdsl-axis-text" x="3070" y="32" text-anchor="middle">975</text>
  <line class="tdsl-axis-tick" x1="3120" y1="40" x2="3120" y2="220"/>
  <text class="tdsl-axis-text" x="3120" y="32" text-anchor="middle">1000</text>
  <line class="tdsl-axis-tick" x1="3170" y1="40" x2="3170" y2="220"/>
  <text class="tdsl-axis-text" x="3170" y="32" text-anchor="middle">1025</text>
  <line class="tdsl-axis-tick" x1="3220" y1="40" x2="3220" y2="220"/>
  <text class="tdsl-axis-text" x="3220" y="32" text-anchor="middle">1050</text>
  <line class="tdsl-axis-tick" x1="3270" y1="40" x2="3270" y2="220"/>
  <text class="tdsl-axis-text" x="3270" y="32" text-anchor="middle">1075</text>
  <line class="tdsl-axis-tick" x1="3320" y1="40" x2="3320" y2="220"/>
  <text class="tdsl-axis-text" x="3320" y="32" text-anchor="middle">1100</text>
  <line class="tdsl-axis-tick" x1="3370" y1="40" x2="3370" y2="220"/>
  <text class="tdsl-axis-text" x="3370" y="32" text-anchor="middle">1125</text>
  <line class="tdsl-axis-tick" x1="3420" y1="40" x2="3420" y2="220"/>
  <text class="tdsl-axis-text" x="3420" y="32" text-anchor="middle">1150</text>
  <line class="tdsl-axis-tick" x1="3470" y1="40" x2="3470" y2="220"/>
  <text class="tdsl-axis-text" x="3470" y="32" text-anchor="middle">1175</text>
  <line class="tdsl-axis-tick" x1="3520" y1="40" x2="3520" y2="220"/>
  <text class="tdsl-axis-text" x="3520" y="32" text-anchor="middle">1200</text>
  <line class="tdsl-axis-tick" x1="3570" y1="40" x2="3570" y2="220"/>
  <text class="tdsl-axis-text" x="3570" y="32" text-anchor="middle">1225</text>
  <line class="tdsl-axis-tick" x1="3620" y1="40" x2="3620" y2="220"/>
  <text class="tdsl-axis-text" x="3620" y="32" text-anchor="middle">1250</text>
  <line class="tdsl-axis-tick" x1="3670" y1="40" x2="3670" y2="220"/>
  <text class="tdsl-axis-text" x="3670" y="32" text-anchor="middle">1275</text>
  <line class="tdsl-axis-tick" x1="3720" y1="40" x2="3720" y2="220"/>
  <text class="tdsl-axis-text" x="3720" y="32" text-anchor="middle">1300</text>
  <line class="tdsl-axis-tick" x1="3770" y1="40" x2="3770" y2="220"/>
  <text class="tdsl-axis-text" x="3770" y="32" text-anchor="middle">1325</text>
  <line class="tdsl-axis-tick" x1="3820" y1="40" x2="3820" y2="220"/>
  <text class="tdsl-axis-text" x="3820" y="32" text-anchor="middle">1350</text>
  <line class="tdsl-axis-tick" x1="3870" y1="40" x2="3870" y2="220"/>
  <text class="tdsl-axis-text" x="3870" y="32" text-anchor="middle">1375</text>
  <line class="tdsl-axis-tick" x1="3920" y1="40" x2="3920" y2="220"/>
  <text class="tdsl-axis-text" x="3920" y="32" text-anchor="middle">1400</text>
  <line class="tdsl-axis-tick" x1="3970" y1="40" x2="3970" y2="220"/>
  <text class="tdsl-axis-text" x="3970" y="32" text-anchor="middle">1425</text>
  <line class="tdsl-axis-tick" x1="4020" y1="40" x2="4020" y2="220"/>
  <text class="tdsl-axis-text" x="4020" y="32" text-anchor="middle">1450</text>
  <line class="tdsl-axis-tick" x1="4070" y1="40" x2="4070" y2="220"/>
  <text class="tdsl-axis-text" x="4070" y="32" text-anchor="middle">1475</text>
  <line class="tdsl-axis-tick" x1="4120" y1="40" x2="4120" y2="220"/>
  <text class="tdsl-axis-text" x="4120" y="32" text-anchor="middle">1500</text>
  <line class="tdsl-axis-tick" x1="4170" y1="40" x2="4170" y2="220"/>
  <text class="tdsl-axis-text" x="4170" y="32" text-anchor="middle">1525</text>
  <line class="tdsl-axis-tick" x1="4220" y1="40" x2="4220" y2="220"/>
  <text class="tdsl-axis-text" x="4220" y="32" text-anchor="middle">1550</text>
  <line class="tdsl-axis-tick" x1="4270" y1="40" x2="4270" y2="220"/>
  <text class="tdsl-axis-text" x="4270" y="32" text-anchor="middle">1575</text>
  <line class="tdsl-axis-tick" x1="4320" y1="40" x2="4320" y2="220"/>
  <text class="tdsl-axis-text" x="4320" y="32" text-anchor="middle">1600</text>
  <line class="tdsl-axis-tick" x1="4370" y1="40" x2="4370" y2="220"/>
  <text class="tdsl-axis-text" x="4370" y="32" text-anchor="middle">1625</text>
  <line class="tdsl-axis-tick" x1="4420" y1="40" x2="4420" y2="220"/>
  <text class="tdsl-axis-text" x="4420" y="32" text-anchor="middle">1650</text>
  <line class="tdsl-axis-tick" x1="4470" y1="40" x2="4470" y2="220"/>
  <text class="tdsl-axis-text" x="4470" y="32" text-anchor="middle">1675</text>
  <line class="tdsl-axis-tick" x1="4520" y1="40" x2="4520" y2="220"/>
  <text class="tdsl-axis-text" x="4520" y="32" text-anchor="middle">1700</text>
  <line class="tdsl-axis-tick" x1="4570" y1="40" x2="4570" y2="220"/>
  <text class="tdsl-axis-text" x="4570" y="32" text-anchor="middle">1725</text>
  <line class="tdsl-axis-tick" x1="4620" y1="40" x2="4620" y2="220"/>
  <text class="tdsl-axis-text" x="4620" y="32" text-anchor="middle">1750</text>
  <line class="tdsl-axis-tick" x1="4670" y1="40" x2="4670" y2="220"/>
  <text class="tdsl-axis-text" x="4670" y="32" text-anchor="middle">1775</text>
  <line class="tdsl-axis-tick" x1="4720" y1="40" x2="4720" y2="220"/>
  <text class="tdsl-axis-text" x="4720" y="32" text-anchor="middle">1800</text>
  <line class="tdsl-axis-tick" x1="4770" y1="40" x2="4770" y2="220"/>
  <text class="tdsl-axis-text" x="4770" y="32" text-anchor="middle">1825</text>
  <line class="tdsl-axis-tick" x1="4820" y1="40" x2="4820" y2="220"/>
  <text class="tdsl-axis-text" x="4820" y="32" text-anchor="middle">1850</text>
  <line class="tdsl-axis-tick" x1="4870" y1="40" x2="4870" y2="220"/>
  <text class="tdsl-axis-text" x="4870" y="32" text-anchor="middle">1875</text>
  <line class="tdsl-axis-tick" x1="4920" y1="40" x2="4920" y2="220"/>
  <text class="tdsl-axis-text" x="4920" y="32" text-anchor="middle">1900</text>
  <line class="tdsl-axis-tick" x1="4970" y1="40" x2="4970" y2="220"/>
  <text class="tdsl-axis-text" x="4970" y="32" text-anchor="middle">1925</text>
  <line class="tdsl-axis-tick" x1="5020" y1="40" x2="5020" y2="220"/>
  <text class="tdsl-axis-text" x="5020" y="32" text-anchor="middle">1950</text>
  <line class="tdsl-axis-tick" x1="5070" y1="40" x2="5070" y2="220"/>
  <text class="tdsl-axis-text" x="5070" y="32" text-anchor="middle">1975</text>
  <line class="tdsl-axis-tick" x1="5120" y1="40" x2="5120" y2="220"/>
  <text class="tdsl-axis-text" x="5120" y="32" text-anchor="middle">2000</text>
  <text class="tdsl-lane-label" data-lane="qin" x="112" y="70" text-anchor="end" dominant-baseline="middle">秦</text>
  <text class="tdsl-lane-label" data-lane="han" x="112" y="130" text-anchor="end" dominant-baseline="middle">漢</text>
  <text class="tdsl-lane-label" data-lane="sanguo" x="112" y="190" text-anchor="end" dominant-baseline="middle">三国</text>
  <g class="tdsl-item tdsl-item-span" tabindex="0" data-tdsl-tooltip="秦&#10;BC221〜BC206&#10;tags: dynasty&#10;source: wd:Q7183&#10;id: span:qin"><rect class="tdsl-span" style="fill:#4682B4;" x="678" y="58" width="32.00" height="24" rx="3"><title>秦
BC221〜BC206
tags: dynasty
source: wd:Q7183
id: span:qin</title></rect><text class="tdsl-item-label" x="682" y="70" dominant-baseline="middle">秦</text></g>
  <g class="tdsl-item tdsl-item-span" tabindex="0" data-tdsl-tooltip="漢&#10;BC206〜220&#10;tags: dynasty&#10;source: wd:Q7209&#10;id: span:han"><rect class="tdsl-span" style="fill:#E67E22;" x="708" y="118" width="854.00" height="24" rx="3"><title>漢
BC206〜220
tags: dynasty
source: wd:Q7209
id: span:han</title></rect><text class="tdsl-item-label" x="712" y="130" dominant-baseline="middle">漢</text></g>
  <g class="tdsl-item tdsl-item-span" tabindex="0" data-tdsl-tooltip="三国時代&#10;220〜280&#10;tags: dynasty&#10;id: span:sanguo"><rect class="tdsl-span" style="fill:#27AE60;" x="1560" y="178" width="122.00" height="24" rx="3"><title>三国時代
220〜280
tags: dynasty
id: span:sanguo</title></rect><text class="tdsl-item-label" x="1564" y="190" dominant-baseline="middle">三国時代</text></g>
  <g class="tdsl-item tdsl-item-event" tabindex="0" data-tdsl-tooltip="秦の天下統一&#10;BC221&#10;id: event:qin:-221"><rect class="tdsl-event-hit" x="670" y="50" width="16" height="40"><title>秦の天下統一
BC221
id: event:qin:-221</title></rect><line class="tdsl-event-stem" x1="678" y1="50" x2="678" y2="90"><title>秦の天下統一
BC221
id: event:qin:-221</title></line><circle class="tdsl-event-dot" style="fill:#4682B4;" cx="678" cy="70" r="4"><title>秦の天下統一
BC221
id: event:qin:-221</title></circle></g>
  <g class="tdsl-item tdsl-item-event" tabindex="0" data-tdsl-tooltip="陳勝・呉広の乱&#10;BC209&#10;id: event:han:-209"><rect class="tdsl-event-hit" x="694" y="110" width="16" height="40"><title>陳勝・呉広の乱
BC209
id: event:han:-209</title></rect><line class="tdsl-event-stem" x1="702" y1="110" x2="702" y2="150"><title>陳勝・呉広の乱
BC209
id: event:han:-209</title></line><circle class="tdsl-event-dot" style="fill:#E67E22;" cx="702" cy="130" r="4"><title>陳勝・呉広の乱
BC209
id: event:han:-209</title></circle></g>
  <g class="tdsl-item tdsl-item-event" tabindex="0" data-tdsl-tooltip="垓下の戦い&#10;BC202&#10;id: event:han:-202"><rect class="tdsl-event-hit" x="708" y="110" width="16" height="40"><title>垓下の戦い
BC202
id: event:han:-202</title></rect><line class="tdsl-event-stem" x1="716" y1="110" x2="716" y2="150"><title>垓下の戦い
BC202
id: event:han:-202</title></line><circle class="tdsl-event-dot" style="fill:#E67E22;" cx="716" cy="130" r="4"><title>垓下の戦い
BC202
id: event:han:-202</title></circle></g>
  <g class="tdsl-item tdsl-item-event-range" tabindex="0" data-tdsl-tooltip="黄巾の乱&#10;184〜204&#10;tags: war&#10;id: event_range:han:184"><rect class="tdsl-event-range" style="fill:#E67E22;fill-opacity:0.75;" x="1488" y="144" width="42.00" height="10" rx="2"><title>黄巾の乱
184〜204
tags: war
id: event_range:han:184</title></rect></g>
  <g class="tdsl-item tdsl-item-event-range" tabindex="0" data-tdsl-tooltip="諸葛亮の北伐&#10;228〜234&#10;tags: war&#10;id: event_range:sanguo:228"><rect class="tdsl-event-range" style="fill:#27AE60;fill-opacity:0.75;" x="1576" y="204" width="14.00" height="10" rx="2"><title>諸葛亮の北伐
228〜234
tags: war
id: event_range:sanguo:228</title></rect></g>
</svg>
